12-06 18:19:35 com_github_MitjaNemec_PlaceFootprints.action_place_footprints 674:Plugin executed on: 'win32'
12-06 18:19:35 com_github_MitjaNemec_PlaceFootprints.action_place_footprints 675:Plugin executed with python version: '3.11.5 (main, Jan 27 2025, 07:08:36) [MSC v.1942 64 bit (AMD64)]'
12-06 18:19:35 com_github_MitjaNemec_PlaceFootprints.action_place_footprints 676:KiCad build version: 9.0.1
12-06 18:19:35 com_github_MitjaNemec_PlaceFootprints.action_place_footprints 677:Plugin version: 4.0.1
12-06 18:19:35 com_github_MitjaNemec_PlaceFootprints.action_place_footprints 678:Frame repr: <wx._core.Frame object at 0x000001D9D252DBD0>
12-06 18:19:35 com_github_MitjaNemec_PlaceFootprints.place_footprints 121:getting a list of all footprints on board
12-06 18:19:35 com_github_MitjaNemec_PlaceFootprints.place_footprints 156:Footprint R14 on root level
12-06 18:19:35 com_github_MitjaNemec_PlaceFootprints.place_footprints 156:Footprint H1 on root level
12-06 18:19:35 com_github_MitjaNemec_PlaceFootprints.place_footprints 156:Footprint S7 on root level
12-06 18:19:35 com_github_MitjaNemec_PlaceFootprints.place_footprints 156:Footprint R4 on root level
12-06 18:19:35 com_github_MitjaNemec_PlaceFootprints.place_footprints 156:Footprint S2 on root level
12-06 18:19:35 com_github_MitjaNemec_PlaceFootprints.place_footprints 156:Footprint R8 on root level
12-06 18:19:35 com_github_MitjaNemec_PlaceFootprints.place_footprints 156:Footprint S1 on root level
12-06 18:19:35 com_github_MitjaNemec_PlaceFootprints.place_footprints 156:Footprint R11 on root level
12-06 18:19:35 com_github_MitjaNemec_PlaceFootprints.place_footprints 156:Footprint S10 on root level
12-06 18:19:35 com_github_MitjaNemec_PlaceFootprints.place_footprints 156:Footprint S12 on root level
12-06 18:19:35 com_github_MitjaNemec_PlaceFootprints.place_footprints 156:Footprint R24 on root level
12-06 18:19:35 com_github_MitjaNemec_PlaceFootprints.place_footprints 156:Footprint R15 on root level
12-06 18:19:35 com_github_MitjaNemec_PlaceFootprints.place_footprints 156:Footprint S16 on root level
12-06 18:19:35 com_github_MitjaNemec_PlaceFootprints.place_footprints 156:Footprint S15 on root level
12-06 18:19:35 com_github_MitjaNemec_PlaceFootprints.place_footprints 156:Footprint H3 on root level
12-06 18:19:35 com_github_MitjaNemec_PlaceFootprints.place_footprints 156:Footprint R18 on root level
12-06 18:19:35 com_github_MitjaNemec_PlaceFootprints.place_footprints 156:Footprint S13 on root level
12-06 18:19:35 com_github_MitjaNemec_PlaceFootprints.place_footprints 156:Footprint R17 on root level
12-06 18:19:35 com_github_MitjaNemec_PlaceFootprints.place_footprints 156:Footprint R1 on root level
12-06 18:19:35 com_github_MitjaNemec_PlaceFootprints.place_footprints 156:Footprint R21 on root level
12-06 18:19:35 com_github_MitjaNemec_PlaceFootprints.place_footprints 156:Footprint R10 on root level
12-06 18:19:35 com_github_MitjaNemec_PlaceFootprints.place_footprints 156:Footprint R3 on root level
12-06 18:19:35 com_github_MitjaNemec_PlaceFootprints.place_footprints 156:Footprint MUX2 on root level
12-06 18:19:35 com_github_MitjaNemec_PlaceFootprints.place_footprints 156:Footprint S5 on root level
12-06 18:19:35 com_github_MitjaNemec_PlaceFootprints.place_footprints 156:Footprint H2 on root level
12-06 18:19:35 com_github_MitjaNemec_PlaceFootprints.place_footprints 156:Footprint S4 on root level
12-06 18:19:35 com_github_MitjaNemec_PlaceFootprints.place_footprints 156:Footprint R9 on root level
12-06 18:19:35 com_github_MitjaNemec_PlaceFootprints.place_footprints 156:Footprint H4 on root level
12-06 18:19:35 com_github_MitjaNemec_PlaceFootprints.place_footprints 156:Footprint R19 on root level
12-06 18:19:35 com_github_MitjaNemec_PlaceFootprints.place_footprints 156:Footprint S11 on root level
12-06 18:19:35 com_github_MitjaNemec_PlaceFootprints.place_footprints 156:Footprint R5 on root level
12-06 18:19:35 com_github_MitjaNemec_PlaceFootprints.place_footprints 156:Footprint R6 on root level
12-06 18:19:35 com_github_MitjaNemec_PlaceFootprints.place_footprints 156:Footprint R2 on root level
12-06 18:19:35 com_github_MitjaNemec_PlaceFootprints.place_footprints 156:Footprint R13 on root level
12-06 18:19:35 com_github_MitjaNemec_PlaceFootprints.place_footprints 156:Footprint R12 on root level
12-06 18:19:35 com_github_MitjaNemec_PlaceFootprints.place_footprints 156:Footprint R20 on root level
12-06 18:19:35 com_github_MitjaNemec_PlaceFootprints.place_footprints 156:Footprint MUX1 on root level
12-06 18:19:35 com_github_MitjaNemec_PlaceFootprints.place_footprints 156:Footprint S8 on root level
12-06 18:19:35 com_github_MitjaNemec_PlaceFootprints.place_footprints 156:Footprint S3 on root level
12-06 18:19:35 com_github_MitjaNemec_PlaceFootprints.place_footprints 156:Footprint R23 on root level
12-06 18:19:35 com_github_MitjaNemec_PlaceFootprints.place_footprints 156:Footprint R22 on root level
12-06 18:19:35 com_github_MitjaNemec_PlaceFootprints.place_footprints 156:Footprint S9 on root level
12-06 18:19:35 com_github_MitjaNemec_PlaceFootprints.place_footprints 156:Footprint R7 on root level
12-06 18:19:35 com_github_MitjaNemec_PlaceFootprints.place_footprints 156:Footprint S6 on root level
12-06 18:19:35 com_github_MitjaNemec_PlaceFootprints.place_footprints 156:Footprint S14 on root level
12-06 18:19:35 com_github_MitjaNemec_PlaceFootprints.place_footprints 156:Footprint R16 on root level
12-06 18:19:35 com_github_MitjaNemec_PlaceFootprints.action_place_footprints 717:Reference footprint='S8'
12-06 18:19:35 com_github_MitjaNemec_PlaceFootprints.action_place_footprints 858:Reference designator is: S
12-06 18:19:35 com_github_MitjaNemec_PlaceFootprints.action_place_footprints 859:Reference number is: 8
12-06 18:19:35 com_github_MitjaNemec_PlaceFootprints.action_place_footprints 891:Sorted and filtered list:
['S1', 'S2', 'S3', 'S4', 'S5', 'S6', 'S7', 'S8', 'S9', 'S10', 'S11', 'S12', 'S13', 'S14', 'S15', 'S16']
12-06 18:19:35 com_github_MitjaNemec_PlaceFootprints.action_place_footprints 376:wx.Colour(240, 240, 240, 255)
12-06 18:19:46 com_github_MitjaNemec_PlaceFootprints.action_place_footprints 507:'6.6'
12-06 18:19:46 com_github_MitjaNemec_PlaceFootprints.action_place_footprints 553:Preparing config for reference linear
12-06 18:19:46 com_github_MitjaNemec_PlaceFootprints.action_place_footprints 573:Saving config file
12-06 18:19:46 com_github_MitjaNemec_PlaceFootprints.action_place_footprints 575:Saved the config file
12-06 18:19:46 com_github_MitjaNemec_PlaceFootprints.action_place_footprints 929:Footprints to place:
['S1', 'S2', 'S3', 'S4', 'S5', 'S6', 'S7', 'S8']
12-06 18:19:46 com_github_MitjaNemec_PlaceFootprints.place_footprints 396:Starting placing with linear layout
12-06 18:19:46 com_github_MitjaNemec_PlaceFootprints.action_place_footprints 970:Placing complete
